// Jest Snapshot v1, https://goo.gl/fbAQLP

exports[`StackBarChart should render correctly & match snapshot 1`] = `
<div
  className="jmp-chart-container"
>
  <div
    className="jmp-chart"
  >
    <mock-chartComponent />
  </div>
</div>
`;
